// Jest Snapshot v1, https://goo.gl/fbAQLP

exports[`Details renders stock details correctly 1`] = `
<div
  class="detail-container"
  data-testid="details"
>
  <div
    class="back-symbol"
  >
    <svg
      fill="currentColor"
      height="1em"
      stroke="currentColor"
      stroke-width="0"
      viewBox="0 0 24 24"
      width="1em"
      xmlns="http://www.w3.org/2000/svg"
    >
      <path
        d="M21 11H6.414l5.293-5.293-1.414-1.414L2.586 12l7.707 7.707 1.414-1.414L6.414 13H21z"
      />
    </svg>
  </div>
  <div
    class="header-detail"
  >
    <div
      class="txt-container"
    >
      <div
        class="txt-header"
      >
        <h5>
          Stock Name
        </h5>
        <p
          class="p-stock"
        />
        <p
          class="url-txt"
        />
      </div>
      <div
        class="ticker"
      >
        <h2>
          ABC
        </h2>
      </div>
    </div>
  </div>
  <div
    class="info-stocks"
  >
    <p>
      check the info of the stocks 
    </p>
  </div>
  <div
    class="info-container"
  >
    <div
      class="wrapper"
    >
      <div
        class="title-info"
      >
        <p>
          City 
        </p>
      </div>
      <div
        class="value"
      >
        <p>
          no data
        </p>
      </div>
    </div>
    <div
      class="wrapper"
    >
      <div
        class="title-info"
      >
        <p>
          State 
        </p>
      </div>
      <div
        class="value"
      >
        <p>
          no data
        </p>
      </div>
    </div>
    <div
      class="wrapper"
    >
      <div
        class="title-info"
      >
        <p>
          Type of Market 
        </p>
      </div>
      <div
        class="value"
      >
        <p />
      </div>
    </div>
    <div
      class="wrapper"
    >
      <div
        class="title-info"
      >
        <p>
          total Employees
        </p>
      </div>
      <div
        class="value"
      >
        <p />
      </div>
    </div>
    <div
      class="wrapper"
    >
      <div
        class="title-info"
      >
        <p>
          primary exchange
        </p>
      </div>
      <div
        class="value"
      >
        <p />
      </div>
    </div>
    <div
      class="wrapper"
    >
      <div
        class="title-info"
      >
        <p>
          Market Cap
        </p>
      </div>
      <div
        class="value"
      >
        <p />
      </div>
    </div>
    <div
      class="wrapper"
    >
      <div
        class="title-info"
      >
        <p>
          local market
        </p>
      </div>
      <div
        class="value"
      >
        <p />
      </div>
    </div>
    <div
      class="wrapper"
    >
      <div
        class="title-info"
      >
        <p>
          list date
        </p>
      </div>
      <div
        class="value"
      >
        <p />
      </div>
    </div>
    <div
      class="wrapper"
    >
      <div
        class="title-info"
      >
        <p>
          share class outstanding
        </p>
      </div>
      <div
        class="value"
      >
        <p />
      </div>
    </div>
    <div
      class="wrapper"
    >
      <div
        class="title-info"
      >
        <p>
          Weighted shares outstanding
        </p>
      </div>
      <div
        class="value"
      >
        <p />
      </div>
    </div>
  </div>
</div>
`;
